Archive member included to satisfy reference by file (symbol)

C:/ST/STM32CubeIDE_1.15.1/STM32CubeIDE/plugins/com.st.stm32cube.ide.mcu.externaltools.gnu-tools-for-stm32.12.3.rel1.win32_1.1.0.202410251130/tools/bin/../lib/gcc/arm-none-eabi/12.3.1/../../../../arm-none-eabi/lib/thumb/v7e-m+fp/hard\libc_nano.a(libc_a-exit.o)
                              C:/ST/STM32CubeIDE_1.15.1/STM32CubeIDE/plugins/com.st.stm32cube.ide.mcu.externaltools.gnu-tools-for-stm32.12.3.rel1.win32_1.1.0.202410251130/tools/bin/../lib/gcc/arm-none-eabi/12.3.1/../../../../arm-none-eabi/lib/thumb/v7e-m+fp/hard/crt0.o (exit)
C:/ST/STM32CubeIDE_1.15.1/STM32CubeIDE/plugins/com.st.stm32cube.ide.mcu.externaltools.gnu-tools-for-stm32.12.3.rel1.win32_1.1.0.202410251130/tools/bin/../lib/gcc/arm-none-eabi/12.3.1/../../../../arm-none-eabi/lib/thumb/v7e-m+fp/hard\libc_nano.a(libc_a-findfp.o)
                              C:/ST/STM32CubeIDE_1.15.1/STM32CubeIDE/plugins/com.st.stm32cube.ide.mcu.externaltools.gnu-tools-for-stm32.12.3.rel1.win32_1.1.0.202410251130/tools/bin/../lib/gcc/arm-none-eabi/12.3.1/../../../../arm-none-eabi/lib/thumb/v7e-m+fp/hard\libc_nano.a(libc_a-exit.o) (__stdio_exit_handler)
C:/ST/STM32CubeIDE_1.15.1/STM32CubeIDE/plugins/com.st.stm32cube.ide.mcu.externaltools.gnu-tools-for-stm32.12.3.rel1.win32_1.1.0.202410251130/tools/bin/../lib/gcc/arm-none-eabi/12.3.1/../../../../arm-none-eabi/lib/thumb/v7e-m+fp/hard\libc_nano.a(libc_a-fwalk.o)
                              C:/ST/STM32CubeIDE_1.15.1/STM32CubeIDE/plugins/com.st.stm32cube.ide.mcu.externaltools.gnu-tools-for-stm32.12.3.rel1.win32_1.1.0.202410251130/tools/bin/../lib/gcc/arm-none-eabi/12.3.1/../../../../arm-none-eabi/lib/thumb/v7e-m+fp/hard\libc_nano.a(libc_a-findfp.o) (_fwalk_sglue)
C:/ST/STM32CubeIDE_1.15.1/STM32CubeIDE/plugins/com.st.stm32cube.ide.mcu.externaltools.gnu-tools-for-stm32.12.3.rel1.win32_1.1.0.202410251130/tools/bin/../lib/gcc/arm-none-eabi/12.3.1/../../../../arm-none-eabi/lib/thumb/v7e-m+fp/hard\libc_nano.a(libc_a-stdio.o)
                              C:/ST/STM32CubeIDE_1.15.1/STM32CubeIDE/plugins/com.st.stm32cube.ide.mcu.externaltools.gnu-tools-for-stm32.12.3.rel1.win32_1.1.0.202410251130/tools/bin/../lib/gcc/arm-none-eabi/12.3.1/../../../../arm-none-eabi/lib/thumb/v7e-m+fp/hard\libc_nano.a(libc_a-findfp.o) (__sread)
C:/ST/STM32CubeIDE_1.15.1/STM32CubeIDE/plugins/com.st.stm32cube.ide.mcu.externaltools.gnu-tools-for-stm32.12.3.rel1.win32_1.1.0.202410251130/tools/bin/../lib/gcc/arm-none-eabi/12.3.1/../../../../arm-none-eabi/lib/thumb/v7e-m+fp/hard\libc_nano.a(libc_a-memset.o)
                              C:/ST/STM32CubeIDE_1.15.1/STM32CubeIDE/plugins/com.st.stm32cube.ide.mcu.externaltools.gnu-tools-for-stm32.12.3.rel1.win32_1.1.0.202410251130/tools/bin/../lib/gcc/arm-none-eabi/12.3.1/../../../../arm-none-eabi/lib/thumb/v7e-m+fp/hard/crt0.o (memset)
C:/ST/STM32CubeIDE_1.15.1/STM32CubeIDE/plugins/com.st.stm32cube.ide.mcu.externaltools.gnu-tools-for-stm32.12.3.rel1.win32_1.1.0.202410251130/tools/bin/../lib/gcc/arm-none-eabi/12.3.1/../../../../arm-none-eabi/lib/thumb/v7e-m+fp/hard\libc_nano.a(libc_a-closer.o)
                              C:/ST/STM32CubeIDE_1.15.1/STM32CubeIDE/plugins/com.st.stm32cube.ide.mcu.externaltools.gnu-tools-for-stm32.12.3.rel1.win32_1.1.0.202410251130/tools/bin/../lib/gcc/arm-none-eabi/12.3.1/../../../../arm-none-eabi/lib/thumb/v7e-m+fp/hard\libc_nano.a(libc_a-stdio.o) (_close_r)
C:/ST/STM32CubeIDE_1.15.1/STM32CubeIDE/plugins/com.st.stm32cube.ide.mcu.externaltools.gnu-tools-for-stm32.12.3.rel1.win32_1.1.0.202410251130/tools/bin/../lib/gcc/arm-none-eabi/12.3.1/../../../../arm-none-eabi/lib/thumb/v7e-m+fp/hard\libc_nano.a(libc_a-reent.o)
                              C:/ST/STM32CubeIDE_1.15.1/STM32CubeIDE/plugins/com.st.stm32cube.ide.mcu.externaltools.gnu-tools-for-stm32.12.3.rel1.win32_1.1.0.202410251130/tools/bin/../lib/gcc/arm-none-eabi/12.3.1/../../../../arm-none-eabi/lib/thumb/v7e-m+fp/hard\libc_nano.a(libc_a-closer.o) (errno)
C:/ST/STM32CubeIDE_1.15.1/STM32CubeIDE/plugins/com.st.stm32cube.ide.mcu.externaltools.gnu-tools-for-stm32.12.3.rel1.win32_1.1.0.202410251130/tools/bin/../lib/gcc/arm-none-eabi/12.3.1/../../../../arm-none-eabi/lib/thumb/v7e-m+fp/hard\libc_nano.a(libc_a-impure.o)
                              C:/ST/STM32CubeIDE_1.15.1/STM32CubeIDE/plugins/com.st.stm32cube.ide.mcu.externaltools.gnu-tools-for-stm32.12.3.rel1.win32_1.1.0.202410251130/tools/bin/../lib/gcc/arm-none-eabi/12.3.1/../../../../arm-none-eabi/lib/thumb/v7e-m+fp/hard\libc_nano.a(libc_a-reent.o) (_impure_ptr)
C:/ST/STM32CubeIDE_1.15.1/STM32CubeIDE/plugins/com.st.stm32cube.ide.mcu.externaltools.gnu-tools-for-stm32.12.3.rel1.win32_1.1.0.202410251130/tools/bin/../lib/gcc/arm-none-eabi/12.3.1/../../../../arm-none-eabi/lib/thumb/v7e-m+fp/hard\libc_nano.a(libc_a-lseekr.o)
[...]
Memory Configuration

Name             Origin             Length             Attributes
CCMRAM           0x10000000         0x00010000         xrw
RAM              0x20000000         0x00020000         xrw
FLASH            0x08000000         0x00100000         xr
*default*        0x00000000         0xffffffff

Linker script and memory map

LOAD C:/ST/STM32CubeIDE_1.15.1/STM32CubeIDE/plugins/com.st.stm32cube.ide.mcu.externaltools.gnu-tools-for-stm32.12.3.rel1.win32_1.1.0.202410251130/tools/bin/../lib/gcc/arm-none-eabi/12.3.1/thumb/v7e-m+fp/hard/crti.o
LOAD C:/ST/STM32CubeIDE_1.15.1/STM32CubeIDE/plugins/com.st.stm32cube.ide.mcu.externaltools.gnu-tools-for-stm32.12.3.rel1.win32_1.1.0.202410251130/tools/bin/../lib/gcc/arm-none-eabi/12.3.1/thumb/v7e-m+fp/hard/crtbegin.o
LOAD C:/ST/STM32CubeIDE_1.15.1/STM32CubeIDE/plugins/com.st.stm32cube.ide.mcu.externaltools.gnu-tools-for-stm32.12.3.rel1.win32_1.1.0.202410251130/tools/bin/../lib/gcc/arm-none-eabi/12.3.1/../../../../arm-none-eabi/lib/thumb/v7e-m+fp/hard/crt0.o
LOAD ./FreeRTOS/Source/croutine.o
LOAD ./FreeRTOS/Source/event_groups.o
LOAD ./FreeRTOS/Source/list.o
LOAD ./FreeRTOS/Source/queue.o
LOAD ./FreeRTOS/Source/stream_buffer.o
LOAD ./FreeRTOS/Source/tasks.o
LOAD ./FreeRTOS/Source/timers.o
LOAD ./FreeRTOS/Source/portable/GCC/ARM_CM4F/port.o
LOAD ./FreeRTOS/Source/portable/MemMang/heap_4.o
LOAD ./Src/main.o
LOAD ./Src/syscalls.o
LOAD ./Src/sysmem.o
LOAD ./Startup/startup_stm32f407vgtx.o
START GROUP
LOAD C:/ST/STM32CubeIDE_1.15.1/STM32CubeIDE/plugins/com.st.stm32cube.ide.mcu.externaltools.gnu-tools-for-stm32.12.3.rel1.win32_1.1.0.202410251130/tools/bin/../lib/gcc/arm-none-eabi/12.3.1/../../../../arm-none-eabi/lib/thumb/v7e-m+fp/hard\libc_nano.a
LOAD C:/ST/STM32CubeIDE_1.15.1/STM32CubeIDE/plugins/com.st.stm32cube.ide.mcu.externaltools.gnu-tools-for-stm32.12.3.rel1.win32_1.1.0.202410251130/tools/bin/../lib/gcc/arm-none-eabi/12.3.1/../../../../arm-none-eabi/lib/thumb/v7e-m+fp/hard\libm.a
END GROUP
START GROUP
LOAD C:/ST/STM32CubeIDE_1.15.1/STM32CubeIDE/plugins/com.st.stm32cube.ide.mcu.externaltools.gnu-tools-for-stm32.12.3.rel1.win32_1.1.0.202410251130/tools/bin/../lib/gcc/arm-none-eabi/12.3.1/thumb/v7e-m+fp/hard\libgcc.a
LOAD C:/ST/STM32CubeIDE_1.15.1/STM32CubeIDE/plugins/com.st.stm32cube.ide.mcu.externaltools.gnu-tools-for-stm32.12.3.rel1.win32_1.1.0.202410251130/tools/bin/../lib/gcc/arm-none-eabi/12.3.1/../../../../arm-none-eabi/lib/thumb/v7e-m+fp/hard\libc_nano.a
END GROUP
START GROUP
LOAD C:/ST/STM32CubeIDE_1.15.1/STM32CubeIDE/plugins/com.st.stm32cube.ide.mcu.externaltools.gnu-tools-for-stm32.12.3.rel1.win32_1.1.0.202410251130/tools/bin/../lib/gcc/arm-none-eabi/12.3.1/thumb/v7e-m+fp/hard\libgcc.a
LOAD C:/ST/STM32CubeIDE_1.15.1/STM32CubeIDE/plugins/com.st.stm32cube.ide.mcu.externaltools.gnu-tools-for-stm32.12.3.rel1.win32_1.1.0.202410251130/tools/bin/../lib/gcc/arm-none-eabi/12.3.1/../../../../arm-none-eabi/lib/thumb/v7e-m+fp/hard\libc_nano.a
LOAD C:/ST/STM32CubeIDE_1.15.1/STM32CubeIDE/plugins/com.st.stm32cube.ide.mcu.externaltools.gnu-tools-for-stm32.12.3.rel1.win32_1.1.0.202410251130/tools/bin/../lib/gcc/arm-none-eabi/12.3.1/../../../../arm-none-eabi/lib/thumb/v7e-m+fp/hard\libnosys.a
END GROUP
START GROUP
LOAD C:/ST/STM32CubeIDE_1.15.1/STM32CubeIDE/plugins/com.st.stm32cube.ide.mcu.externaltools.gnu-tools-for-stm32.12.3.rel1.win32_1.1.0.202410251130/tools/bin/../lib/gcc/arm-none-eabi/12.3.1/thumb/v7e-m+fp/hard\libgcc.a
LOAD C:/ST/STM32CubeIDE_1.15.1/STM32CubeIDE/plugins/com.st.stm32cube.ide.mcu.externaltools.gnu-tools-for-stm32.12.3.rel1.win32_1.1.0.202410251130/tools/bin/../lib/gcc/arm-none-eabi/12.3.1/../../../../arm-none-eabi/lib/thumb/v7e-m+fp/hard\libc_nano.a
LOAD C:/ST/STM32CubeIDE_1.15.1/STM32CubeIDE/plugins/com.st.stm32cube.ide.mcu.externaltools.gnu-tools-for-stm32.12.3.rel1.win32_1.1.0.202410251130/tools/bin/../lib/gcc/arm-none-eabi/12.3.1/../../../../arm-none-eabi/lib/thumb/v7e-m+fp/hard\libnosys.a
END GROUP
LOAD C:/ST/STM32CubeIDE_1.15.1/STM32CubeIDE/plugins/com.st.stm32cube.ide.mcu.externaltools.gnu-tools-for-stm32.12.3.rel1.win32_1.1.0.202410251130/tools/bin/../lib/gcc/arm-none-eabi/12.3.1/thumb/v7e-m+fp/hard/crtend.o
LOAD C:/ST/STM32CubeIDE_1.15.1/STM32CubeIDE/plugins/com.st.stm32cube.ide.mcu.externaltools.gnu-tools-for-stm32.12.3.rel1.win32_1.1.0.202410251130/tools/bin/../lib/gcc/arm-none-eabi/12.3.1/thumb/v7e-m+fp/hard/crtn.o
                0x20020000                        _estack = (ORIGIN (RAM) + LENGTH (RAM))
                0x00000200                        _Min_Heap_Size = 0x200
                0x00000400                        _Min_Stack_Size = 0x400

.isr_vector     0x08000000      0x188
                0x08000000                        . = ALIGN (0x4)
 *(.isr_vector)
 .isr_vector    0x08000000      0x188 ./Startup/startup_stm32f407vgtx.o
                0x08000000                g_pfnVectors
                0x08000188                        . = ALIGN (0x4)

.text           0x08000190     0x23fc
                0x08000190                        . = ALIGN (0x4)
 *(.text)
 .text          0x08000190       0x40 C:/ST/STM32CubeIDE_1.15.1/STM32CubeIDE/plugins/com.st.stm32cube.ide.mcu.externaltools.gnu-tools-for-stm32.12.3.rel1.win32_1.1.0.202410251130/tools/bin/../lib/gcc/arm-none-eabi/12.3.1/thumb/v7e-m+fp/hard/crtbegin.o
 *(.text*)
 .text.vListInitialise
                0x080001d0       0x40 ./FreeRTOS/Source/list.o
                0x080001d0                vListInitialise
 .text.vListInitialiseItem
                0x08000210       0x1a ./FreeRTOS/Source/list.o
                0x08000210                vListInitialiseItem
 .text.vListInsert
                0x0800022a       0x72 ./FreeRTOS/Source/list.o
                0x0800022a                vListInsert
 .text.uxListRemove
                0x0800029c       0x54 ./FreeRTOS/Source/list.o
                0x0800029c                uxListRemove
 .text.xQueueGenericReset
                0x080002f0      0x124 ./FreeRTOS/Source/queue.o
                0x080002f0                xQueueGenericReset
 .text.xQueueGenericCreate
                0x08000414       0x9e ./FreeRTOS/Source/queue.o
                0x08000414                xQueueGenericCreate
 .text.prvInitialiseNewQueue
                0x080004b2       0x3e ./FreeRTOS/Source/queue.o
 .text.xQueueReceive
                0x080004f0      0x1c4 ./FreeRTOS/Source/queue.o
                0x080004f0                xQueueReceive
 .text.prvCopyDataFromQueue
                0x080006b4       0x4c ./FreeRTOS/Source/queue.o
 .text.prvUnlockQueue
                0x08000700       0xa4 ./FreeRTOS/Source/queue.o
 .text.prvIsQueueEmpty
                0x080007a4       0x2c ./FreeRTOS/Source/queue.o
 .text.vQueueWaitForMessageRestricted
                0x080007d0       0x68 ./FreeRTOS/Source/queue.o
                0x080007d0                vQueueWaitForMessageRestricted
 .text.xTaskCreate
                0x08000838       0x8c ./FreeRTOS/Source/tasks.o
                0x08000838                xTaskCreate
 .text.prvInitialiseNewTask
                0x080008c4      0x110 ./FreeRTOS/Source/tasks.o
 .text.prvAddNewTaskToReadyList
                0x080009d4      0x124 ./FreeRTOS/Source/tasks.o
 .text.vTaskStartScheduler
                0x08000af8       0xa4 ./FreeRTOS/Source/tasks.o
                0x08000af8                vTaskStartScheduler
 .text.vTaskSuspendAll
                0x08000b9c       0x1c ./FreeRTOS/Source/tasks.o
                0x08000b9c                vTaskSuspendAll
 .text.xTaskResumeAll
                0x08000bb8      0x1f8 ./FreeRTOS/Source/tasks.o
                0x08000bb8                xTaskResumeAll
 .text.xTaskGetTickCount
                0x08000db0       0x20 ./FreeRTOS/Source/tasks.o
                0x08000db0                xTaskGetTickCount
 .text.xTaskIncrementTick
                0x08000dd0      0x230 ./FreeRTOS/Source/tasks.o
                0x08000dd0                xTaskIncrementTick
 .text.vTaskSwitchContext
                0x08001000       0xb8 ./FreeRTOS/Source/tasks.o
                0x08001000                vTaskSwitchContext
 .text.vTaskPlaceOnEventList
                0x080010b8       0x4c ./FreeRTOS/Source/tasks.o
                0x080010b8                vTaskPlaceOnEventList
 .text.vTaskPlaceOnEventListRestricted
                0x08001104       0x8c ./FreeRTOS/Source/tasks.o
                0x08001104                vTaskPlaceOnEventListRestricted
 .text.xTaskRemoveFromEventList
                0x08001190      0x1b0 ./FreeRTOS/Source/tasks.o
                0x08001190                xTaskRemoveFromEventList
 .text.vTaskInternalSetTimeOutState
                0x08001340       0x2c ./FreeRTOS/Source/tasks.o
                0x08001340                vTaskInternalSetTimeOutState
 .text.xTaskCheckForTimeOut
                0x0800136c       0xd0 ./FreeRTOS/Source/tasks.o
                0x0800136c                xTaskCheckForTimeOut
 .text.vTaskMissedYield
                0x0800143c       0x18 ./FreeRTOS/Source/tasks.o
                0x0800143c                vTaskMissedYield
 .text.prvIdleTask
                0x08001454       0x30 ./FreeRTOS/Source/tasks.o
 .text.prvInitialiseTaskLists
                0x08001484       0x80 ./FreeRTOS/Source/tasks.o
 .text.prvCheckTasksWaitingTermination
                0x08001504       0x5c ./FreeRTOS/Source/tasks.o
 .text.prvDeleteTCB
                0x08001560       0x20 ./FreeRTOS/Source/tasks.o
 .text.prvResetNextTaskUnblockTime
                0x08001580       0x38 ./FreeRTOS/Source/tasks.o
 .text.xTaskGetSchedulerState
                0x080015b8       0x3c ./FreeRTOS/Source/tasks.o
                0x080015b8                xTaskGetSchedulerState
 .text.prvAddCurrentTaskToDelayedList
                0x080015f4      0x100 ./FreeRTOS/Source/tasks.o
 .text.xTimerCreateTimerTask
                0x080016f4       0x64 ./FreeRTOS/Source/timers.o
                0x080016f4                xTimerCreateTimerTask
 .text.prvReloadTimer
                0x08001758       0x42 ./FreeRTOS/Source/timers.o
 *fill*         0x0800179a        0x2 
 .text.prvProcessExpiredTimer
                0x0800179c       0x60 ./FreeRTOS/Source/timers.o
 .text.prvTimerTask
                0x080017fc       0x26 ./FreeRTOS/Source/timers.o
 *fill*         0x08001822        0x2 
 .text.prvProcessTimerOrBlockTask
                0x08001824       0x9c ./FreeRTOS/Source/timers.o
 .text.prvGetNextExpireTime
                0x080018c0       0x48 ./FreeRTOS/Source/timers.o
 .text.prvSampleTimeNow
                0x08001908       0x40 ./FreeRTOS/Source/timers.o
 .text.prvInsertTimerInActiveList
                0x08001948       0x84 ./FreeRTOS/Source/timers.o
 .text.prvProcessReceivedCommands
                0x080019cc      0x184 ./FreeRTOS/Source/timers.o
 .text.prvSwitchTimerLists
                0x08001b50       0x4c ./FreeRTOS/Source/timers.o
 .text.prvCheckForValidListAndQueue
                0x08001b9c       0x54 ./FreeRTOS/Source/timers.o
 .text.pxPortInitialiseStack
                0x08001bf0       0x68 ./FreeRTOS/Source/portable/GCC/ARM_CM4F/port.o
                0x08001bf0                pxPortInitialiseStack
 .text.prvTaskExitError
                0x08001c58       0x5c ./FreeRTOS/Source/portable/GCC/ARM_CM4F/port.o
 *fill*         0x08001cb4        0xc 
 .text.SVC_Handler
                0x08001cc0       0x28 ./FreeRTOS/Source/portable/GCC/ARM_CM4F/port.o
                0x08001cc0                SVC_Handler
 .text.prvPortStartFirstTask
                0x08001ce8       0x2c ./FreeRTOS/Source/portable/GCC/ARM_CM4F/port.o
 .text.xPortStartScheduler
                0x08001d14      0x148 ./FreeRTOS/Source/portable/GCC/ARM_CM4F/port.o
                0x08001d14                xPortStartScheduler
 .text.vPortEnterCritical
                0x08001e5c       0x64 ./FreeRTOS/Source/portable/GCC/ARM_CM4F/port.o
                0x08001e5c                vPortEnterCritical
 .text.vPortExitCritical
                0x08001ec0       0x54 ./FreeRTOS/Source/portable/GCC/ARM_CM4F/port.o
                0x08001ec0                vPortExitCritical
 *fill*         0x08001f14        0xc 
 .text.PendSV_Handler
                0x08001f20       0x68 ./FreeRTOS/Source/portable/GCC/ARM_CM4F/port.o
                0x08001f20                PendSV_Handler
 .text.SysTick_Handler
                0x08001f88       0x44 ./FreeRTOS/Source/portable/GCC/ARM_CM4F/port.o
                0x08001f88                SysTick_Handler
 .text.vPortSetupTimerInterrupt
                0x08001fcc       0x34 ./FreeRTOS/Source/portable/GCC/ARM_CM4F/port.o
                0x08001fcc                vPortSetupTimerInterrupt
 .text.vPortEnableVFP
                0x08002000       0x18 ./FreeRTOS/Source/portable/GCC/ARM_CM4F/port.o
 .text.pvPortMalloc
                0x08002018      0x178 ./FreeRTOS/Source/portable/MemMang/heap_4.o
                0x08002018                pvPortMalloc
 .text.vPortFree
                0x08002190       0xbc ./FreeRTOS/Source/portable/MemMang/heap_4.o
                0x08002190                vPortFree
 .text.prvHeapInit
                0x0800224c       0xb8 ./FreeRTOS/Source/portable/MemMang/heap_4.o
 .text.prvInsertBlockIntoFreeList
                0x08002304       0xb4 ./FreeRTOS/Source/portable/MemMang/heap_4.o
 .text.vGreenLedTask
                0x080023b8       0x34 ./Src/main.o
                0x080023b8                vGreenLedTask
 .text.vOrangeLedTask
                0x080023ec       0x34 ./Src/main.o
                0x080023ec                vOrangeLedTask
 .text.main     0x08002420       0x8c ./Src/main.o
                0x08002420                main
 .text.Reset_Handler
                0x080024ac       0x50 ./Startup/startup_stm32f407vgtx.o
                0x080024ac                Reset_Handler
 .text.Default_Handler
                0x080024fc        0x2 ./Startup/startup_stm32f407vgtx.o
                0x080024fc                RTC_Alarm_IRQHandler
                0x080024fc                HASH_RNG_IRQHandler
                0x080024fc                EXTI2_IRQHandler
                0x080024fc                TIM8_CC_IRQHandler
                0x080024fc                DebugMon_Handler
                0x080024fc                TIM1_CC_IRQHandler
                0x080024fc                DMA2_Stream5_IRQHandler
                0x080024fc                HardFault_Handler
                0x080024fc                DMA1_Stream5_IRQHandler
                0x080024fc                PVD_IRQHandler
                0x080024fc                SDIO_IRQHandler
                0x080024fc                TAMP_STAMP_IRQHandler
                0x080024fc                NMI_Handler
                0x080024fc                CAN2_RX1_IRQHandler
                0x080024fc                EXTI3_IRQHandler
                0x080024fc                TIM8_TRG_COM_TIM14_IRQHandler
                0x080024fc                TIM1_UP_TIM10_IRQHandler
                0x080024fc                TIM8_UP_TIM13_IRQHandler
                0x080024fc                I2C3_ER_IRQHandler
                0x080024fc                EXTI0_IRQHandler
                0x080024fc                I2C2_EV_IRQHandler
                0x080024fc                DMA1_Stream2_IRQHandler
                0x080024fc                CAN1_RX0_IRQHandler
                0x080024fc                FPU_IRQHandler
                0x080024fc                OTG_HS_WKUP_IRQHandler
                0x080024fc                UsageFault_Handler
                0x080024fc                CAN2_SCE_IRQHandler
                0x080024fc                DMA2_Stream2_IRQHandler
                0x080024fc                SPI1_IRQHandler
                0x080024fc                TIM6_DAC_IRQHandler
                0x080024fc                TIM1_BRK_TIM9_IRQHandler
                0x080024fc                DCMI_IRQHandler
                0x080024fc                CAN2_RX0_IRQHandler
                0x080024fc                DMA2_Stream3_IRQHandler
                0x080024fc                USART6_IRQHandler
                0x080024fc                USART3_IRQHandler
                0x080024fc                CRYP_IRQHandler
                0x080024fc                CAN1_RX1_IRQHandler
                0x080024fc                UART5_IRQHandler
                0x080024fc                DMA2_Stream0_IRQHandler
                0x080024fc                TIM4_IRQHandler
                0x080024fc                I2C1_EV_IRQHandler
                0x080024fc                DMA1_Stream6_IRQHandler
                0x080024fc                DMA1_Stream1_IRQHandler
                0x080024fc                UART4_IRQHandler
                0x080024fc                TIM3_IRQHandler
                0x080024fc                RCC_IRQHandler
                0x080024fc                TIM8_BRK_TIM12_IRQHandler
                0x080024fc                Default_Handler
                0x080024fc                EXTI15_10_IRQHandler
                0x080024fc                ADC_IRQHandler
                0x080024fc                DMA1_Stream7_IRQHandler
                0x080024fc                TIM7_IRQHandler
                0x080024fc                CAN2_TX_IRQHandler
                0x080024fc                TIM5_IRQHandler
                0x080024fc                DMA2_Stream7_IRQHandler
                0x080024fc                I2C3_EV_IRQHandler
                0x080024fc                EXTI9_5_IRQHandler
                0x080024fc                RTC_WKUP_IRQHandler
                0x080024fc                ETH_WKUP_IRQHandler
                0x080024fc                SPI2_IRQHandler
                0x080024fc                OTG_HS_EP1_IN_IRQHandler
                0x080024fc                MemManage_Handler
                0x080024fc                DMA1_Stream0_IRQHandler
                0x080024fc                CAN1_TX_IRQHandler
                0x080024fc                EXTI4_IRQHandler
                0x080024fc                FSMC_IRQHandler
                0x080024fc                ETH_IRQHandler
                0x080024fc                OTG_HS_EP1_OUT_IRQHandler
                0x080024fc                WWDG_IRQHandler
                0x080024fc                TIM2_IRQHandler
                0x080024fc                OTG_FS_WKUP_IRQHandler
                0x080024fc                TIM1_TRG_COM_TIM11_IRQHandler
                0x080024fc                OTG_HS_IRQHandler
                0x080024fc                EXTI1_IRQHandler
                0x080024fc                USART2_IRQHandler
                0x080024fc                I2C2_ER_IRQHandler
                0x080024fc                DMA2_Stream1_IRQHandler
                0x080024fc                CAN1_SCE_IRQHandler
                0x080024fc                DMA2_Stream4_IRQHandler
                0x080024fc                BusFault_Handler
                0x080024fc                USART1_IRQHandler
                0x080024fc                OTG_FS_IRQHandler
                0x080024fc                SPI3_IRQHandler
                0x080024fc                DMA1_Stream4_IRQHandler
                0x080024fc                I2C1_ER_IRQHandler
                0x080024fc                DMA2_Stream6_IRQHandler
                0x080024fc                DMA1_Stream3_IRQHandler
 .text.memset   0x080024fe       0x10 C:/ST/STM32CubeIDE_1.15.1/STM32CubeIDE/plugins/com.st.stm32cube.ide.mcu.externaltools.gnu-tools-for-stm32.12.3.rel1.win32_1.1.0.202410251130/tools/bin/../lib/gcc/arm-none-eabi/12.3.1/../../../../arm-none-eabi/lib/thumb/v7e-m+fp/hard\libc_nano.a(libc_a-memset.o)
                0x080024fe                memset
 *fill*         0x0800250e        0x2 
 .text.__libc_init_array
                0x08002510       0x48 C:/ST/STM32CubeIDE_1.15.1/STM32CubeIDE/plugins/com.st.stm32cube.ide.mcu.externaltools.gnu-tools-for-stm32.12.3.rel1.win32_1.1.0.202410251130/tools/bin/../lib/gcc/arm-none-eabi/12.3.1/../../../../arm-none-eabi/lib/thumb/v7e-m+fp/hard\libc_nano.a(libc_a-init.o)
                0x08002510                __libc_init_array
 .text.memcpy   0x08002558       0x1c C:/ST/STM32CubeIDE_1.15.1/STM32CubeIDE/plugins/com.st.stm32cube.ide.mcu.externaltools.gnu-tools-for-stm32.12.3.rel1.win32_1.1.0.202410251130/tools/bin/../lib/gcc/arm-none-eabi/12.3.1/../../../../arm-none-eabi/lib/thumb/v7e-m+fp/hard\libc_nano.a(libc_a-memcpy-stub.o)
                0x08002558                memcpy
 *(.glue_7)
 .glue_7        0x08002574        0x0 linker stubs
 *(.glue_7t)
 .glue_7t       0x08002574        0x0 linker stubs
 *(.eh_frame)
 .eh_frame      0x08002574        0x0 C:/ST/STM32CubeIDE_1.15.1/STM32CubeIDE/plugins/com.st.stm32cube.ide.mcu.externaltools.gnu-tools-for-stm32.12.3.rel1.win32_1.1.0.202410251130/tools/bin/../lib/gcc/arm-none-eabi/12.3.1/thumb/v7e-m+fp/hard/crtbegin.o
 *(.init)
 .init          0x08002574        0x4 C:/ST/STM32CubeIDE_1.15.1/STM32CubeIDE/plugins/com.st.stm32cube.ide.mcu.externaltools.gnu-tools-for-stm32.12.3.rel1.win32_1.1.0.202410251130/tools/bin/../lib/gcc/arm-none-eabi/12.3.1/thumb/v7e-m+fp/hard/crti.o
                0x08002574                _init
 .init          0x08002578        0x8 C:/ST/STM32CubeIDE_1.15.1/STM32CubeIDE/plugins/com.st.stm32cube.ide.mcu.externaltools.gnu-tools-for-stm32.12.3.rel1.win32_1.1.0.202410251130/tools/bin/../lib/gcc/arm-none-eabi/12.3.1/thumb/v7e-m+fp/hard/crtn.o
 *(.fini)
 .fini          0x08002580        0x4 C:/ST/STM32CubeIDE_1.15.1/STM32CubeIDE/plugins/com.st.stm32cube.ide.mcu.externaltools.gnu-tools-for-stm32.12.3.rel1.win32_1.1.0.202410251130/tools/bin/../lib/gcc/arm-none-eabi/12.3.1/thumb/v7e-m+fp/hard/crti.o
                0x08002580                _fini
 .fini          0x08002584        0x8 C:/ST/STM32CubeIDE_1.15.1/STM32CubeIDE/plugins/com.st.stm32cube.ide.mcu.externaltools.gnu-tools-for-stm32.12.3.rel1.win32_1.1.0.202410251130/tools/bin/../lib/gcc/arm-none-eabi/12.3.1/thumb/v7e-m+fp/hard/crtn.o
                0x0800258c                        . = ALIGN (0x4)
                0x0800258c                        _etext = .

.vfp11_veneer   0x0800258c        0x0
 .vfp11_veneer  0x0800258c        0x0 linker stubs

.v4_bx          0x0800258c        0x0
 .v4_bx         0x0800258c        0x0 linker stubs

.iplt           0x0800258c        0x0
 .iplt          0x0800258c        0x0 C:/ST/STM32CubeIDE_1.15.1/STM32CubeIDE/plugins/com.st.stm32cube.ide.mcu.externaltools.gnu-tools-for-stm32.12.3.rel1.win32_1.1.0.202410251130/tools/bin/../lib/gcc/arm-none-eabi/12.3.1/thumb/v7e-m+fp/hard/crtbegin.o

.rodata         0x0800258c       0x28
                0x0800258c                        . = ALIGN (0x4)
 *(.rodata)
 .rodata        0x0800258c        0x5 ./FreeRTOS/Source/tasks.o
 *fill*         0x08002591        0x3 
 .rodata        0x08002594        0x8 ./FreeRTOS/Source/timers.o
 .rodata        0x0800259c       0x17 ./Src/main.o
 *(.rodata*)
                0x080025b4                        . = ALIGN (0x4)
 *fill*         0x080025b3        0x1 

.ARM.extab      0x080025b4        0x0
                0x080025b4                        . = ALIGN (0x4)
 *(.ARM.extab* .gnu.linkonce.armextab.*)
                0x080025b4                        . = ALIGN (0x4)

.ARM            0x080025b4        0x0
                0x080025b4                        . = ALIGN (0x4)
                0x080025b4                        __exidx_start = .
 *(.ARM.exidx*)
                0x080025b4                        __exidx_end = .
                0x080025b4                        . = ALIGN (0x4)

.preinit_array  0x080025b4        0x0
                0x080025b4                        . = ALIGN (0x4)
                0x080025b4                        PROVIDE (__preinit_array_start = .)
 *(.preinit_array*)
                0x080025b4                        PROVIDE (__preinit_array_end = .)
                0x080025b4                        . = ALIGN (0x4)

.init_array     0x080025b4        0x4
                0x080025b4                        . = ALIGN (0x4)
                0x080025b4                        PROVIDE (__init_array_start = .)
 *(SORT_BY_NAME(.init_array.*))
 *(.init_array*)
 .init_array    0x080025b4        0x4 C:/ST/STM32CubeIDE_1.15.1/STM32CubeIDE/plugins/com.st.stm32cube.ide.mcu.externaltools.gnu-tools-for-stm32.12.3.rel1.win32_1.1.0.202410251130/tools/bin/../lib/gcc/arm-none-eabi/12.3.1/thumb/v7e-m+fp/hard/crtbegin.o
                0x080025b8                        PROVIDE (__init_array_end = .)
                0x080025b8                        . = ALIGN (0x4)

.fini_array     0x080025b8        0x4
                0x080025b8                        . = ALIGN (0x4)
                [!provide]                        PROVIDE (__fini_array_start = .)
 *(SORT_BY_NAME(.fini_array.*))
 *(.fini_array*)
 .fini_array    0x080025b8        0x4 C:/ST/STM32CubeIDE_1.15.1/STM32CubeIDE/plugins/com.st.stm32cube.ide.mcu.externaltools.gnu-tools-for-stm32.12.3.rel1.win32_1.1.0.202410251130/tools/bin/../lib/gcc/arm-none-eabi/12.3.1/thumb/v7e-m+fp/hard/crtbegin.o
                [!provide]                        PROVIDE (__fini_array_end = .)
                0x080025bc                        . = ALIGN (0x4)
                0x080025bc                        _sidata = LOADADDR (.data)

.rel.dyn        0x080025bc        0x0
 .rel.iplt      0x080025bc        0x0 C:/ST/STM32CubeIDE_1.15.1/STM32CubeIDE/plugins/com.st.stm32cube.ide.mcu.externaltools.gnu-tools-for-stm32.12.3.rel1.win32_1.1.0.202410251130/tools/bin/../lib/gcc/arm-none-eabi/12.3.1/thumb/v7e-m+fp/hard/crtbegin.o

.data           0x20000000        0x8 load address 0x080025bc
                0x20000000                        . = ALIGN (0x4)
                0x20000000                        _sdata = .
 *(.data)
 *(.data*)
 .data.uxTopUsedPriority
                0x20000000        0x4 ./FreeRTOS/Source/tasks.o
                0x20000000                uxTopUsedPriority
 .data.uxCriticalNesting
                0x20000004        0x4 ./FreeRTOS/Source/portable/GCC/ARM_CM4F/port.o
 *(.RamFunc)
 *(.RamFunc*)
                0x20000008                        . = ALIGN (0x4)
                0x20000008                        _edata = .
                0x080025c4                        _siccmram = LOADADDR (.ccmram)

.igot.plt       0x20000008        0x0 load address 0x080025c4
 .igot.plt      0x20000008        0x0 C:/ST/STM32CubeIDE_1.15.1/STM32CubeIDE/plugins/com.st.stm32cube.ide.mcu.externaltools.gnu-tools-for-stm32.12.3.rel1.win32_1.1.0.202410251130/tools/bin/../lib/gcc/arm-none-eabi/12.3.1/thumb/v7e-m+fp/hard/crtbegin.o

.ccmram         0x10000000        0x0 load address 0x080025c4
                0x10000000                        . = ALIGN (0x4)
                0x10000000                        _sccmram = .
 *(.ccmram)
 *(.ccmram*)
                0x10000000                        . = ALIGN (0x4)
                0x10000000                        _eccmram = .
                0x10000000                        . = ALIGN (0x4)

.bss            0x20000008     0x1d80
                0x20000008                        _sbss = .
                0x20000008                        __bss_start__ = _sbss
 *(.bss)
 .bss           0x20000008       0x1c C:/ST/STM32CubeIDE_1.15.1/STM32CubeIDE/plugins/com.st.stm32cube.ide.mcu.externaltools.gnu-tools-for-stm32.12.3.rel1.win32_1.1.0.202410251130/tools/bin/../lib/gcc/arm-none-eabi/12.3.1/thumb/v7e-m+fp/hard/crtbegin.o
 *(.bss*)
 .bss.pxCurrentTCB
                0x20000024        0x4 ./FreeRTOS/Source/tasks.o
                0x20000024                pxCurrentTCB
 .bss.pxReadyTasksLists
                0x20000028       0x64 ./FreeRTOS/Source/tasks.o
 .bss.xDelayedTaskList1
                0x2000008c       0x14 ./FreeRTOS/Source/tasks.o
 .bss.xDelayedTaskList2
                0x200000a0       0x14 ./FreeRTOS/Source/tasks.o
 .bss.pxDelayedTaskList
                0x200000b4        0x4 ./FreeRTOS/Source/tasks.o
 .bss.pxOverflowDelayedTaskList
                0x200000b8        0x4 ./FreeRTOS/Source/tasks.o
 .bss.xPendingReadyList
                0x200000bc       0x14 ./FreeRTOS/Source/tasks.o
 .bss.xTasksWaitingTermination
                0x200000d0       0x14 ./FreeRTOS/Source/tasks.o
 .bss.uxDeletedTasksWaitingCleanUp
                0x200000e4        0x4 ./FreeRTOS/Source/tasks.o
 .bss.xSuspendedTaskList
                0x200000e8       0x14 ./FreeRTOS/Source/tasks.o
 .bss.uxCurrentNumberOfTasks
                0x200000fc        0x4 ./FreeRTOS/Source/tasks.o
 .bss.xTickCount
                0x20000100        0x4 ./FreeRTOS/Source/tasks.o
 .bss.uxTopReadyPriority
                0x20000104        0x4 ./FreeRTOS/Source/tasks.o
 .bss.xSchedulerRunning
                0x20000108        0x4 ./FreeRTOS/Source/tasks.o
 .bss.xPendedTicks
                0x2000010c        0x4 ./FreeRTOS/Source/tasks.o
 .bss.xYieldPending
                0x20000110        0x4 ./FreeRTOS/Source/tasks.o
 .bss.xNumOfOverflows
                0x20000114        0x4 ./FreeRTOS/Source/tasks.o
 .bss.uxTaskNumber
                0x20000118        0x4 ./FreeRTOS/Source/tasks.o
 .bss.xNextTaskUnblockTime
                0x2000011c        0x4 ./FreeRTOS/Source/tasks.o
 .bss.xIdleTaskHandle
                0x20000120        0x4 ./FreeRTOS/Source/tasks.o
 .bss.uxSchedulerSuspended
                0x20000124        0x4 ./FreeRTOS/Source/tasks.o
 .bss.xActiveTimerList1
                0x20000128       0x14 ./FreeRTOS/Source/timers.o
 .bss.xActiveTimerList2
                0x2000013c       0x14 ./FreeRTOS/Source/timers.o
 .bss.pxCurrentTimerList
                0x20000150        0x4 ./FreeRTOS/Source/timers.o
 .bss.pxOverflowTimerList
                0x20000154        0x4 ./FreeRTOS/Source/timers.o
 .bss.xTimerQueue
                0x20000158        0x4 ./FreeRTOS/Source/timers.o
 .bss.xTimerTaskHandle
                0x2000015c        0x4 ./FreeRTOS/Source/timers.o
 .bss.xLastTime.0
                0x20000160        0x4 ./FreeRTOS/Source/timers.o
 .bss.ucMaxSysCallPriority
                0x20000164        0x1 ./FreeRTOS/Source/portable/GCC/ARM_CM4F/port.o
 *fill*         0x20000165        0x3 
 .bss.ulMaxPRIGROUPValue
                0x20000168        0x4 ./FreeRTOS/Source/portable/GCC/ARM_CM4F/port.o
 .bss.ucHeap    0x2000016c     0x1c00 ./FreeRTOS/Source/portable/MemMang/heap_4.o
 .bss.xStart    0x20001d6c        0x8 ./FreeRTOS/Source/portable/MemMang/heap_4.o
 .bss.pxEnd     0x20001d74        0x4 ./FreeRTOS/Source/portable/MemMang/heap_4.o
 .bss.xFreeBytesRemaining
                0x20001d78        0x4 ./FreeRTOS/Source/portable/MemMang/heap_4.o
 .bss.xMinimumEverFreeBytesRemaining
                0x20001d7c        0x4 ./FreeRTOS/Source/portable/MemMang/heap_4.o
 .bss.xNumberOfSuccessfulAllocations
                0x20001d80        0x4 ./FreeRTOS/Source/portable/MemMang/heap_4.o
 .bss.xNumberOfSuccessfulFrees
                0x20001d84        0x4 ./FreeRTOS/Source/portable/MemMang/heap_4.o
 *(COMMON)
                0x20001d88                        . = ALIGN (0x4)
                0x20001d88                        _ebss = .
                0x20001d88                        __bss_end__ = _ebss

._user_heap_stack
                0x20001d88      0x600
                0x20001d88                        . = ALIGN (0x8)
                [!provide]                        PROVIDE (end = .)
                0x20001d88                        PROVIDE (_end = .)
                0x20001f88                        . = (. + _Min_Heap_Size)
 *fill*         0x20001d88      0x200 
                0x20002388                        . = (. + _Min_Stack_Size)
 *fill*         0x20001f88      0x400 
                0x20002388                        . = ALIGN (0x8)

/DISCARD/
 libc.a(*)
 libm.a(*)
 libgcc.a(*)

.ARM.attributes
                0x00000000       0x30
 *(.ARM.attributes)
 .ARM.attributes
                0x00000000       0x22 C:/ST/STM32CubeIDE_1.15.1/STM32CubeIDE/plugins/com.st.stm32cube.ide.mcu.externaltools.gnu-tools-for-stm32.12.3.rel1.win32_1.1.0.202410251130/tools/bin/../lib/gcc/arm-none-eabi/12.3.1/thumb/v7e-m+fp/hard/crti.o
 .ARM.attributes
                0x00000022       0x34 C:/ST/STM32CubeIDE_1.15.1/STM32CubeIDE/plugins/com.st.stm32cube.ide.mcu.externaltools.gnu-tools-for-stm32.12.3.rel1.win32_1.1.0.202410251130/tools/bin/../lib/gcc/arm-none-eabi/12.3.1/thumb/v7e-m+fp/hard/crtbegin.o
 .ARM.attributes
                0x00000056       0x34 ./FreeRTOS/Source/list.o
 .ARM.attributes
                0x0000008a       0x34 ./FreeRTOS/Source/queue.o
 .ARM.attributes
                0x000000be       0x34 ./FreeRTOS/Source/tasks.o
 .ARM.attributes
                0x000000f2       0x34 ./FreeRTOS/Source/timers.o
 .ARM.attributes
                0x00000126       0x34 ./FreeRTOS/Source/portable/GCC/ARM_CM4F/port.o
 .ARM.attributes
                0x0000015a       0x34 ./FreeRTOS/Source/portable/MemMang/heap_4.o
 .ARM.attributes
                0x0000018e       0x34 ./Src/main.o
 .ARM.attributes
                0x000001c2       0x21 ./Startup/startup_stm32f407vgtx.o
 .ARM.attributes
                0x000001e3       0x34 C:/ST/STM32CubeIDE_1.15.1/STM32CubeIDE/plugins/com.st.stm32cube.ide.mcu.externaltools.gnu-tools-for-stm32.12.3.rel1.win32_1.1.0.202410251130/tools/bin/../lib/gcc/arm-none-eabi/12.3.1/../../../../arm-none-eabi/lib/thumb/v7e-m+fp/hard\libc_nano.a(libc_a-memset.o)
 .ARM.attributes
                0x00000217       0x34 C:/ST/STM32CubeIDE_1.15.1/STM32CubeIDE/plugins/com.st.stm32cube.ide.mcu.externaltools.gnu-tools-for-stm32.12.3.rel1.win32_1.1.0.202410251130/tools/bin/../lib/gcc/arm-none-eabi/12.3.1/../../../../arm-none-eabi/lib/thumb/v7e-m+fp/hard\libc_nano.a(libc_a-init.o)
 .ARM.attributes
                0x0000024b       0x34 C:/ST/STM32CubeIDE_1.15.1/STM32CubeIDE/plugins/com.st.stm32cube.ide.mcu.externaltools.gnu-tools-for-stm32.12.3.rel1.win32_1.1.0.202410251130/tools/bin/../lib/gcc/arm-none-eabi/12.3.1/../../../../arm-none-eabi/lib/thumb/v7e-m+fp/hard\libc_nano.a(libc_a-memcpy-stub.o)
 .ARM.attributes
                0x0000027f       0x22 C:/ST/STM32CubeIDE_1.15.1/STM32CubeIDE/plugins/com.st.stm32cube.ide.mcu.externaltools.gnu-tools-for-stm32.12.3.rel1.win32_1.1.0.202410251130/tools/bin/../lib/gcc/arm-none-eabi/12.3.1/thumb/v7e-m+fp/hard/crtn.o
OUTPUT(001_Task_Creation.elf elf32-littlearm)
LOAD linker stubs
LOAD C:/ST/STM32CubeIDE_1.15.1/STM32CubeIDE/plugins/com.st.stm32cube.ide.mcu.externaltools.gnu-tools-for-stm32.12.3.rel1.win32_1.1.0.202410251130/tools/bin/../lib/gcc/arm-none-eabi/12.3.1/../../../../arm-none-eabi/lib/thumb/v7e-m+fp/hard\libc.a
LOAD C:/ST/STM32CubeIDE_1.15.1/STM32CubeIDE/plugins/com.st.stm32cube.ide.mcu.externaltools.gnu-tools-for-stm32.12.3.rel1.win32_1.1.0.202410251130/tools/bin/../lib/gcc/arm-none-eabi/12.3.1/../../../../arm-none-eabi/lib/thumb/v7e-m+fp/hard\libm.a
LOAD C:/ST/STM32CubeIDE_1.15.1/STM32CubeIDE/plugins/com.st.stm32cube.ide.mcu.externaltools.gnu-tools-for-stm32.12.3.rel1.win32_1.1.0.202410251130/tools/bin/../lib/gcc/arm-none-eabi/12.3.1/thumb/v7e-m+fp/hard\libgcc.a

.debug_info     0x00000000     0x537b
 .debug_info    0x00000000      0x2af ./FreeRTOS/Source/list.o
 .debug_info    0x000002af     0x14eb ./FreeRTOS/Source/queue.o
 .debug_info    0x0000179a     0x2024 ./FreeRTOS/Source/tasks.o
 .debug_info    0x000037be      0xd97 ./FreeRTOS/Source/timers.o
 .debug_info    0x00004555      0x4d5 ./FreeRTOS/Source/portable/GCC/ARM_CM4F/port.o
 .debug_info    0x00004a2a      0x521 ./FreeRTOS/Source/portable/MemMang/heap_4.o
 .debug_info    0x00004f4b      0x400 ./Src/main.o
 .debug_info    0x0000534b       0x30 ./Startup/startup_stm32f407vgtx.o

.debug_abbrev   0x00000000     0x1009
 .debug_abbrev  0x00000000       0xf5 ./FreeRTOS/Source/list.o
 .debug_abbrev  0x000000f5      0x2ce ./FreeRTOS/Source/queue.o
 .debug_abbrev  0x000003c3      0x35f ./FreeRTOS/Source/tasks.o
 .debug_abbrev  0x00000722      0x2b1 ./FreeRTOS/Source/timers.o
 .debug_abbrev  0x000009d3      0x247 ./FreeRTOS/Source/portable/GCC/ARM_CM4F/port.o
 .debug_abbrev  0x00000c1a      0x256 ./FreeRTOS/Source/portable/MemMang/heap_4.o
 .debug_abbrev  0x00000e70      0x175 ./Src/main.o
 .debug_abbrev  0x00000fe5       0x24 ./Startup/startup_stm32f407vgtx.o

.debug_aranges  0x00000000      0x4f8
 .debug_aranges
                0x00000000       0x40 ./FreeRTOS/Source/list.o
 .debug_aranges
                0x00000040       0xe8 ./FreeRTOS/Source/queue.o
 .debug_aranges
                0x00000128      0x1c0 ./FreeRTOS/Source/tasks.o
 .debug_aranges
                0x000002e8       0xd8 ./FreeRTOS/Source/timers.o
 .debug_aranges
                0x000003c0       0x80 ./FreeRTOS/Source/portable/GCC/ARM_CM4F/port.o
 .debug_aranges
                0x00000440       0x60 ./FreeRTOS/Source/portable/MemMang/heap_4.o
 .debug_aranges
                0x000004a0       0x30 ./Src/main.o
 .debug_aranges
                0x000004d0       0x28 ./Startup/startup_stm32f407vgtx.o

.debug_rnglists
                0x00000000      0x3c6
 .debug_rnglists
                0x00000000       0x2b ./FreeRTOS/Source/list.o
 .debug_rnglists
                0x0000002b       0xb5 ./FreeRTOS/Source/queue.o
 .debug_rnglists
                0x000000e0      0x167 ./FreeRTOS/Source/tasks.o
 .debug_rnglists
                0x00000247       0xa1 ./FreeRTOS/Source/timers.o
 .debug_rnglists
                0x000002e8       0x5d ./FreeRTOS/Source/portable/GCC/ARM_CM4F/port.o
 .debug_rnglists
                0x00000345       0x48 ./FreeRTOS/Source/portable/MemMang/heap_4.o
 .debug_rnglists
                0x0000038d       0x20 ./Src/main.o
 .debug_rnglists
                0x000003ad       0x19 ./Startup/startup_stm32f407vgtx.o

.debug_macro    0x00000000    0x180fd
 .debug_macro   0x00000000      0x198 ./FreeRTOS/Source/list.o
 .debug_macro   0x00000198      0x22f ./FreeRTOS/Source/queue.o
 .debug_macro   0x000003c7       0x16 ./FreeRTOS/Source/queue.o
 .debug_macro   0x000003dd       0x35 ./FreeRTOS/Source/queue.o
 .debug_macro   0x00000412       0x20 ./FreeRTOS/Source/queue.o
 .debug_macro   0x00000432       0x80 ./FreeRTOS/Source/queue.o
 .debug_macro   0x000004b2      0x27e ./FreeRTOS/Source/tasks.o
 .debug_macro   0x00000730       0x17 ./FreeRTOS/Source/tasks.o
 .debug_macro   0x00000747      0x1e7 ./FreeRTOS/Source/timers.o
 .debug_macro   0x0000092e       0x97 ./FreeRTOS/Source/timers.o
 .debug_macro   0x000009c5      0x1a7 ./FreeRTOS/Source/portable/GCC/ARM_CM4F/port.o
 .debug_macro   0x00000b6c      0x219 ./FreeRTOS/Source/portable/MemMang/heap_4.o
 .debug_macro   0x00000d85      0x14f ./Src/main.o
 .debug_macro   0x00000ed4       0x2f ./Src/main.o
 .debug_macro   0x00000f03       0x1c ./Src/main.o
 .debug_macro   0x00000f1f       0x22 ./Src/main.o
 .debug_macro   0x00000f41       0xfb ./Src/main.o
 .debug_macro   0x0000103c     0x1011 ./Src/main.o
 .debug_macro   0x0000204d      0x11f ./Src/main.o
 .debug_macro   0x0000216c    0x15e97 ./Src/main.o
 .debug_macro   0x00018003       0xfa ./Src/main.o

.debug_line     0x00000000     0x6161
 .debug_line    0x00000000      0x825 ./FreeRTOS/Source/list.o
 .debug_line    0x00000825     0x14db ./FreeRTOS/Source/queue.o
 .debug_line    0x00001d00     0x1bc6 ./FreeRTOS/Source/tasks.o
 .debug_line    0x000038c6      0xd33 ./FreeRTOS/Source/timers.o
 .debug_line    0x000045f9      0x901 ./FreeRTOS/Source/portable/GCC/ARM_CM4F/port.o
 .debug_line    0x00004efa      0xaa6 ./FreeRTOS/Source/portable/MemMang/heap_4.o
 .debug_line    0x000059a0      0x746 ./Src/main.o
 .debug_line    0x000060e6       0x7b ./Startup/startup_stm32f407vgtx.o

.debug_str      0x00000000    0x94238
 .debug_str     0x00000000     0xaf8f ./FreeRTOS/Source/list.o
                               0xb1b4 (size before relaxing)
 .debug_str     0x0000af8f     0x256e ./FreeRTOS/Source/queue.o
                               0xd724 (size before relaxing)
 .debug_str     0x0000d4fd     0x1921 ./FreeRTOS/Source/tasks.o
                               0xe098 (size before relaxing)
 .debug_str     0x0000ee1e      0x507 ./FreeRTOS/Source/timers.o
                               0xd9e6 (size before relaxing)
 .debug_str     0x0000f325      0x7d2 ./FreeRTOS/Source/portable/GCC/ARM_CM4F/port.o
                               0x99eb (size before relaxing)
 .debug_str     0x0000faf7      0x5d3 ./FreeRTOS/Source/portable/MemMang/heap_4.o
                               0xc9de (size before relaxing)
 .debug_str     0x000100ca    0x8412f ./Src/main.o
                              0x8d23a (size before relaxing)
 .debug_str     0x000941f9       0x3f ./Startup/startup_stm32f407vgtx.o
                                 0x91 (size before relaxing)

.comment        0x00000000       0x43
 .comment       0x00000000       0x43 ./FreeRTOS/Source/list.o
                                 0x44 (size before relaxing)
 .comment       0x00000043       0x44 ./FreeRTOS/Source/queue.o
 .comment       0x00000043       0x44 ./FreeRTOS/Source/tasks.o
 .comment       0x00000043       0x44 ./FreeRTOS/Source/timers.o
 .comment       0x00000043       0x44 ./FreeRTOS/Source/portable/GCC/ARM_CM4F/port.o
 .comment       0x00000043       0x44 ./FreeRTOS/Source/portable/MemMang/heap_4.o
 .comment       0x00000043       0x44 ./Src/main.o

.debug_frame    0x00000000     0x1390
 .debug_frame   0x00000000       0xd8 ./FreeRTOS/Source/list.o
 .debug_frame   0x000000d8      0x3cc ./FreeRTOS/Source/queue.o
 .debug_frame   0x000004a4      0x7a0 ./FreeRTOS/Source/tasks.o
 .debug_frame   0x00000c44      0x378 ./FreeRTOS/Source/timers.o
 .debug_frame   0x00000fbc      0x1a8 ./FreeRTOS/Source/portable/GCC/ARM_CM4F/port.o
 .debug_frame   0x00001164      0x150 ./FreeRTOS/Source/portable/MemMang/heap_4.o
 .debug_frame   0x000012b4       0x68 ./Src/main.o
 .debug_frame   0x0000131c       0x20 C:/ST/STM32CubeIDE_1.15.1/STM32CubeIDE/plugins/com.st.stm32cube.ide.mcu.externaltools.gnu-tools-for-stm32.12.3.rel1.win32_1.1.0.202410251130/tools/bin/../lib/gcc/arm-none-eabi/12.3.1/../../../../arm-none-eabi/lib/thumb/v7e-m+fp/hard\libc_nano.a(libc_a-memset.o)
 .debug_frame   0x0000133c       0x2c C:/ST/STM32CubeIDE_1.15.1/STM32CubeIDE/plugins/com.st.stm32cube.ide.mcu.externaltools.gnu-tools-for-stm32.12.3.rel1.win32_1.1.0.202410251130/tools/bin/../lib/gcc/arm-none-eabi/12.3.1/../../../../arm-none-eabi/lib/thumb/v7e-m+fp/hard\libc_nano.a(libc_a-init.o)
 .debug_frame   0x00001368       0x28 C:/ST/STM32CubeIDE_1.15.1/STM32CubeIDE/plugins/com.st.stm32cube.ide.mcu.externaltools.gnu-tools-for-stm32.12.3.rel1.win32_1.1.0.202410251130/tools/bin/../lib/gcc/arm-none-eabi/12.3.1/../../../../arm-none-eabi/lib/thumb/v7e-m+fp/hard\libc_nano.a(libc_a-memcpy-stub.o)

.debug_line_str
                0x00000000       0x75
 .debug_line_str
                0x00000000       0x75 ./Startup/startup_stm32f407vgtx.o
